// Jest Snapshot v1, https://goo.gl/fbAQLP

exports[`Game component renders the same way 1`] = `
<div
  className="sc-bdVaJa fnwUPj"
>
  <div
    className="game-board"
  >
    <div>
      <div
        className="board-row"
      >
        <button
          className="square"
          onClick={[Function]}
        />
        <button
          className="square"
          onClick={[Function]}
        />
        <button
          className="square"
          onClick={[Function]}
        />
      </div>
      <div
        className="board-row"
      >
        <button
          className="square"
          onClick={[Function]}
        />
        <button
          className="square"
          onClick={[Function]}
        />
        <button
          className="square"
          onClick={[Function]}
        />
      </div>
      <div
        className="board-row"
      >
        <button
          className="square"
          onClick={[Function]}
        />
        <button
          className="square"
          onClick={[Function]}
        />
        <button
          className="square"
          onClick={[Function]}
        />
      </div>
    </div>
  </div>
  <div
    className="sc-bwzfXH bVrnpj"
  >
    <div
      className="status"
    >
      Next player: X
    </div>
    <ol>
      <li>
        <button
          onClick={[Function]}
        >
          Go to game start
        </button>
      </li>
    </ol>
  </div>
</div>
`;
